
Priya Saroj@SAROJLAL MINGW64 ~
$ mkdir project_dir

Priya Saroj@SAROJLAL MINGW64 ~
$ cd project_dir

Priya Saroj@SAROJLAL MINGW64 ~/project_dir
$ git init
Initialized empty Git repository in C:/Users/Priya Saroj/project_dir/.git/

Priya Saroj@SAROJLAL MINGW64 ~/project_dir (master)
$ touch index.html

Priya Saroj@SAROJLAL MINGW64 ~/project_dir (master)
$ git status
On branch master

No commits yet

Untracked files:
  (use "git add <file>..." to include in what will be committed)
        index.html

nothing added to commit but untracked files present (use "git add" to track)

Priya Saroj@SAROJLAL MINGW64 ~/project_dir (master)
$ git add index.html

Priya Saroj@SAROJLAL MINGW64 ~/project_dir (master)
$ git commit -m "Added index.html"
[master (root-commit) 80b3d95] Added index.html
 1 file changed, 0 insertions(+), 0 deletions(-)
 create mode 100644 index.html

Priya Saroj@SAROJLAL MINGW64 ~/project_dir (master)
$ touch info.txt

Priya Saroj@SAROJLAL MINGW64 ~/project_dir (master)
$ git status
On branch master
Changes not staged for commit:
  (use "git add <file>..." to update what will be committed)
  (use "git restore <file>..." to discard changes in working directory)
        modified:   index.html

Untracked files:
  (use "git add <file>..." to include in what will be committed)
        info.txt

no changes added to commit (use "git add" and/or "git commit -a")

Priya Saroj@SAROJLAL MINGW64 ~/project_dir (master)
$ touch .gitignore info.txt

Priya Saroj@SAROJLAL MINGW64 ~/project_dir (master)
$ git status
On branch master
Changes not staged for commit:
  (use "git add <file>..." to update what will be committed)
  (use "git restore <file>..." to discard changes in working directory)
        modified:   index.html

Untracked files:
  (use "git add <file>..." to include in what will be committed)
        .gitignore
        info.txt

no changes added to commit (use "git add" and/or "git commit -a")

Priya Saroj@SAROJLAL MINGW64 ~/project_dir (master)
$ touch .gitignore

Priya Saroj@SAROJLAL MINGW64 ~/project_dir (master)
$ touch *.txt

Priya Saroj@SAROJLAL MINGW64 ~/project_dir (master)
$ git status
On branch master
Changes not staged for commit:
  (use "git add <file>..." to update what will be committed)
  (use "git restore <file>..." to discard changes in working directory)
        modified:   index.html

Untracked files:
  (use "git add <file>..." to include in what will be committed)
        .gitignore
        info.txt

no changes added to commit (use "git add" and/or "git commit -a")

Priya Saroj@SAROJLAL MINGW64 ~/project_dir (master)
$ git add index.html

Priya Saroj@SAROJLAL MINGW64 ~/project_dir (master)
$ git commit -m "added changes in index.html"
[master e521cf9] added changes in index.html
 1 file changed, 15 insertions(+)

Priya Saroj@SAROJLAL MINGW64 ~/project_dir (master)
$ git status
On branch master
Untracked files:
  (use "git add <file>..." to include in what will be committed)
        .gitignore
        info.txt

nothing added to commit but untracked files present (use "git add" to track)

Priya Saroj@SAROJLAL MINGW64 ~/project_dir (master)
$ git log
commit e521cf9fd86c40b539b80bc9e636f1b702504a34 (HEAD -> master)
Author: priya <priya.lal.saroj@gmail.com>
Date:   Fri Jul 30 20:39:09 2021 +0530

    added changes in index.html

commit 80b3d95cf1f4092fae077ba392f219901b5b05a8
Author: priya <priya.lal.saroj@gmail.com>
Date:   Fri Jul 30 20:30:29 2021 +0530

    Added index.html

Priya Saroj@SAROJLAL MINGW64 ~/project_dir (master)
$ git stash
No local changes to save

Priya Saroj@SAROJLAL MINGW64 ~/project_dir (master)
$ git stash
Saved working directory and index state WIP on master: e521cf9 added changes in index.html

Priya Saroj@SAROJLAL MINGW64 ~/project_dir (master)
$ git add index.html

Priya Saroj@SAROJLAL MINGW64 ~/project_dir (master)
$ git commit -m "made changes"
On branch master
Untracked files:
  (use "git add <file>..." to include in what will be committed)
        .gitignore
        info.txt

nothing added to commit but untracked files present (use "git add" to track)

Priya Saroj@SAROJLAL MINGW64 ~/project_dir (master)
$ git reset HEAD index.html

Priya Saroj@SAROJLAL MINGW64 ~/project_dir (master)
$ git reset

Priya Saroj@SAROJLAL MINGW64 ~/project_dir (master)
$ git stash
No local changes to save

Priya Saroj@SAROJLAL MINGW64 ~/project_dir (master)
$ git add index.html

Priya Saroj@SAROJLAL MINGW64 ~/project_dir (master)
$ git commit -m "add changes"
On branch master
Untracked files:
  (use "git add <file>..." to include in what will be committed)
        .gitignore
        info.txt

nothing added to commit but untracked files present (use "git add" to track)

Priya Saroj@SAROJLAL MINGW64 ~/project_dir (master)
$ git reset HEAD index.html

Priya Saroj@SAROJLAL MINGW64 ~/project_dir (master)
$ git reset

Priya Saroj@SAROJLAL MINGW64 ~/project_dir (master)
$ git stash
No local changes to save

Priya Saroj@SAROJLAL MINGW64 ~/project_dir (master)
$ git config --global alias.my-add add

Priya Saroj@SAROJLAL MINGW64 ~/project_dir (master)
$ git my-add index.html

Priya Saroj@SAROJLAL MINGW64 ~/project_dir (master)
$ git commit index.html
On branch master
Untracked files:
  (use "git add <file>..." to include in what will be committed)
        .gitignore
        info.txt

nothing added to commit but untracked files present (use "git add" to track)

Priya Saroj@SAROJLAL MINGW64 ~/project_dir (master)
$ git stash
No local changes to save

Priya Saroj@SAROJLAL MINGW64 ~/project_dir (master)
$ git reset

Priya Saroj@SAROJLAL MINGW64 ~/project_dir (master)
$ git add index.html
